<html>
<body>
<pre>
<h1>µVision Build Log</h1>
<h2>Tool Versions:</h2>
IDE-Version: µVision V5.31.0.0
Copyright (C) 2020 ARM Ltd and ARM Germany GmbH. All rights reserved.
License Information: Phammem123.com Phammem123.com, Phammem123.com, LIC=----
 
Tool Versions:
Toolchain:       MDK-Lite  Version: 5.31.0.0
Toolchain Path:  D:\Keil_v5\ARM\ARMCC\Bin
C Compiler:      Armcc.exe V5.06 update 6 (build 750)
Assembler:       Armasm.exe V5.06 update 6 (build 750)
Linker/Locator:  ArmLink.exe V5.06 update 6 (build 750)
Library Manager: ArmAr.exe V5.06 update 6 (build 750)
Hex Converter:   FromElf.exe V5.06 update 6 (build 750)
CPU DLL:         SARMCM3.DLL V5.31.0.0
Dialog DLL:      DCM.DLL V1.17.3.0
Target DLL:      STLink\ST-LINKIII-KEIL_SWO.dll V3.0.7.0
Dialog DLL:      TCM.DLL V1.46.0.0
 
<h2>Project:</h2>
C:\Users\ASUS\Downloads\Compressed\FULL\MDK-ARM\FULL.uvprojx
Project File Date:  04/04/2022

<h2>Output:</h2>
*** Using Compiler 'V5.06 update 6 (build 750)', folder: 'D:\Keil_v5\ARM\ARMCC\Bin'
Build target 'FULL'
compiling main.c...
../Core/Src/main.c(106): warning:  #188-D: enumerated type mixed with another type
    HAL_GPIO_WritePin (DHT11_PORT, DHT11_PIN, 0);   // pull the pin low
../Core/Src/main.c(108): warning:  #188-D: enumerated type mixed with another type
    HAL_GPIO_WritePin (DHT11_PORT, DHT11_PIN, 1);   // pull the pin high
../Core/Src/main.c(226): warning:  #223-D: function "sprintf" declared implicitly
  		sprintf(t,"Nhiet do: %.02f C",tCelsius);
../Core/Src/main.c(264): warning:  #223-D: function "edit" declared implicitly
         hour1=edit(5,0,hour1);
../Core/Src/main.c(565): warning:  #223-D: function "sprintf" declared implicitly
  		  sprintf(van,"%d",thamso);
../Core/Src/main.c(577): warning:  #223-D: function "sprintf" declared implicitly
  		sprintf(van,"%d",thamso);
../Core/Src/main.c: 6 warnings, 0 errors
linking...
Program Size: Code=15998 RO-data=518 RW-data=72 ZI-data=2080  
FromELF: creating hex file...
"FULL\FULL.axf" - 0 Error(s), 6 Warning(s).

<h2>Software Packages used:</h2>

Package Vendor: ARM
                http://www.keil.com/pack/ARM.CMSIS.5.7.0.pack
                ARM.CMSIS.5.7.0
                CMSIS (Cortex Microcontroller Software Interface Standard)
   * Component: CORE Version: 5.4.0

Package Vendor: Keil
                http://www.keil.com/pack/Keil.STM32F1xx_DFP.2.4.0.pack
                Keil.STM32F1xx_DFP.2.4.0
                STMicroelectronics STM32F1 Series Device Support, Drivers and Examples

<h2>Collection of Component include folders:</h2>
  .\RTE\_FULL
  D:\Arm\Packs\ARM\CMSIS\5.7.0\CMSIS\Core\Include
  D:\Arm\Packs\Keil\STM32F1xx_DFP\2.4.0\Device\Include

<h2>Collection of Component Files used:</h2>

   * Component: ARM::CMSIS:CORE:5.4.0
      Include file:  CMSIS\Core\Include\tz_context.h
Build Time Elapsed:  00:00:01
</pre>
</body>
</html>
